[ 2026-10-10 21:22:16,228 ] 20 root - INFO - Initiate the data ingestion
[ 2026-10-10 21:22:22,257 ] 72 root - INFO - Performed train test split on the dataframe
[ 2026-10-10 21:22:22,257 ] 74 root - INFO - Exited split_data_as_train_test method of Data_Ingestion class
[ 2026-10-10 21:22:22,258 ] 82 root - INFO - Exporting train and test file path.
[ 2026-10-10 21:22:22,300 ] 91 root - INFO - Exported train and test file path.
[ 2026-10-10 21:22:22,301 ] 22 root - INFO - Data Initiation Completed
[ 2026-10-10 21:22:22,310 ] 26 root - INFO - Initiate the data Validation
[ 2026-10-10 21:22:22,360 ] 32 root - INFO - Required number of columns:2
[ 2026-10-10 21:22:22,360 ] 33 root - INFO - Data frame has columns:31
[ 2026-10-10 21:22:22,360 ] 32 root - INFO - Required number of columns:2
[ 2026-10-10 21:22:22,360 ] 33 root - INFO - Data frame has columns:31
[ 2026-10-10 21:22:22,515 ] 28 root - INFO - data Validation Completed
[ 2026-10-10 21:22:22,515 ] 31 root - INFO - data Transformation started
[ 2026-10-10 21:22:22,516 ] 63 root - INFO - Entered initiate_data_transformation method of DataTransformation class
[ 2026-10-10 21:22:22,516 ] 65 root - INFO - Starting data transformation
[ 2026-10-10 21:22:22,551 ] 48 root - INFO - Entered get_data_trnasformer_object method of Trnasformation class
[ 2026-10-10 21:22:22,551 ] 53 root - INFO - Initialise KNNImputer with {'missing_values': nan, 'n_neighbors': 3, 'weights': 'uniform'}
[ 2026-10-10 21:22:22,628 ] 46 root - INFO - Entered the save_object method of MainUtils class
[ 2026-10-10 21:22:22,634 ] 50 root - INFO - Exited the save_object method of MainUtils class
[ 2026-10-10 21:22:22,634 ] 46 root - INFO - Entered the save_object method of MainUtils class
[ 2026-10-10 21:22:22,669 ] 50 root - INFO - Exited the save_object method of MainUtils class
[ 2026-10-10 21:22:22,677 ] 35 root - INFO - data Transformation completed
[ 2026-10-10 21:22:22,677 ] 37 root - INFO - Model Training sstared
