[ 2026-10-10 19:12:34,190 ] 20 root - INFO - Initiate the data ingestion
[ 2026-10-10 19:12:39,743 ] 72 root - INFO - Performed train test split on the dataframe
[ 2026-10-10 19:12:39,743 ] 74 root - INFO - Exited split_data_as_train_test method of Data_Ingestion class
[ 2026-10-10 19:12:39,745 ] 82 root - INFO - Exporting train and test file path.
[ 2026-10-10 19:12:39,802 ] 91 root - INFO - Exported train and test file path.
[ 2026-10-10 19:12:39,803 ] 22 root - INFO - Data Initiation Completed
[ 2026-10-10 19:12:39,813 ] 26 root - INFO - Initiate the data Validation
[ 2026-10-10 19:12:39,871 ] 32 root - INFO - Required number of columns:2
[ 2026-10-10 19:12:39,872 ] 33 root - INFO - Data frame has columns:31
[ 2026-10-10 19:12:39,872 ] 32 root - INFO - Required number of columns:2
[ 2026-10-10 19:12:39,872 ] 33 root - INFO - Data frame has columns:31
[ 2026-10-10 19:12:40,082 ] 28 root - INFO - data Validation Completed
[ 2026-10-10 19:12:40,083 ] 31 root - INFO - data Transformation started
[ 2026-10-10 19:12:40,083 ] 63 root - INFO - Entered initiate_data_transformation method of DataTransformation class
[ 2026-10-10 19:12:40,083 ] 65 root - INFO - Starting data transformation
[ 2026-10-10 19:12:40,137 ] 48 root - INFO - Entered get_data_trnasformer_object method of Trnasformation class
[ 2026-10-10 19:12:40,137 ] 53 root - INFO - Initialise KNNImputer with {'missing_values': nan, 'n_neighbors': 3, 'weights': 'uniform'}
[ 2026-10-10 19:12:40,209 ] 46 root - INFO - Entered the save_object method of MainUtils class
[ 2026-10-10 19:12:40,215 ] 50 root - INFO - Exited the save_object method of MainUtils class
[ 2026-10-10 19:12:40,215 ] 46 root - INFO - Entered the save_object method of MainUtils class
[ 2026-10-10 19:12:40,219 ] 50 root - INFO - Exited the save_object method of MainUtils class
