[ 2026-10-10 19:22:08,429 ] 20 root - INFO - Initiate the data ingestion
[ 2026-10-10 19:22:15,328 ] 72 root - INFO - Performed train test split on the dataframe
[ 2026-10-10 19:22:15,332 ] 74 root - INFO - Exited split_data_as_train_test method of Data_Ingestion class
[ 2026-10-10 19:22:15,333 ] 82 root - INFO - Exporting train and test file path.
[ 2026-10-10 19:22:15,555 ] 91 root - INFO - Exported train and test file path.
[ 2026-10-10 19:22:15,569 ] 22 root - INFO - Data Initiation Completed
[ 2026-10-10 19:22:15,597 ] 26 root - INFO - Initiate the data Validation
[ 2026-10-10 19:22:15,768 ] 32 root - INFO - Required number of columns:2
[ 2026-10-10 19:22:15,769 ] 33 root - INFO - Data frame has columns:31
[ 2026-10-10 19:22:15,769 ] 32 root - INFO - Required number of columns:2
[ 2026-10-10 19:22:15,769 ] 33 root - INFO - Data frame has columns:31
[ 2026-10-10 19:22:16,128 ] 28 root - INFO - data Validation Completed
[ 2026-10-10 19:22:16,131 ] 31 root - INFO - data Transformation started
[ 2026-10-10 19:22:16,131 ] 63 root - INFO - Entered initiate_data_transformation method of DataTransformation class
[ 2026-10-10 19:22:16,131 ] 65 root - INFO - Starting data transformation
[ 2026-10-10 19:22:16,229 ] 48 root - INFO - Entered get_data_trnasformer_object method of Trnasformation class
[ 2026-10-10 19:22:16,229 ] 53 root - INFO - Initialise KNNImputer with {'missing_values': nan, 'n_neighbors': 3, 'weights': 'uniform'}
[ 2026-10-10 19:22:16,374 ] 46 root - INFO - Entered the save_object method of MainUtils class
[ 2026-10-10 19:22:16,380 ] 50 root - INFO - Exited the save_object method of MainUtils class
[ 2026-10-10 19:22:16,381 ] 46 root - INFO - Entered the save_object method of MainUtils class
[ 2026-10-10 19:22:16,385 ] 50 root - INFO - Exited the save_object method of MainUtils class
[ 2026-10-10 19:22:16,387 ] 35 root - INFO - data Transformation completed
[ 2026-10-10 19:22:16,388 ] 37 root - INFO - Model Training sstared
