[ 2026-10-10 19:14:38,727 ] 20 root - INFO - Initiate the data ingestion
[ 2026-10-10 19:14:46,193 ] 72 root - INFO - Performed train test split on the dataframe
[ 2026-10-10 19:14:46,193 ] 74 root - INFO - Exited split_data_as_train_test method of Data_Ingestion class
[ 2026-10-10 19:14:46,194 ] 82 root - INFO - Exporting train and test file path.
[ 2026-10-10 19:14:46,253 ] 91 root - INFO - Exported train and test file path.
[ 2026-10-10 19:14:46,254 ] 22 root - INFO - Data Initiation Completed
[ 2026-10-10 19:14:46,261 ] 26 root - INFO - Initiate the data Validation
[ 2026-10-10 19:14:46,315 ] 32 root - INFO - Required number of columns:2
[ 2026-10-10 19:14:46,315 ] 33 root - INFO - Data frame has columns:31
[ 2026-10-10 19:14:46,315 ] 32 root - INFO - Required number of columns:2
[ 2026-10-10 19:14:46,315 ] 33 root - INFO - Data frame has columns:31
[ 2026-10-10 19:14:46,496 ] 28 root - INFO - data Validation Completed
[ 2026-10-10 19:14:46,497 ] 31 root - INFO - data Transformation started
[ 2026-10-10 19:14:46,497 ] 63 root - INFO - Entered initiate_data_transformation method of DataTransformation class
[ 2026-10-10 19:14:46,497 ] 65 root - INFO - Starting data transformation
[ 2026-10-10 19:14:46,548 ] 48 root - INFO - Entered get_data_trnasformer_object method of Trnasformation class
[ 2026-10-10 19:14:46,548 ] 53 root - INFO - Initialise KNNImputer with {'missing_values': nan, 'n_neighbors': 3, 'weights': 'uniform'}
[ 2026-10-10 19:14:46,609 ] 46 root - INFO - Entered the save_object method of MainUtils class
[ 2026-10-10 19:14:46,613 ] 50 root - INFO - Exited the save_object method of MainUtils class
[ 2026-10-10 19:14:46,614 ] 46 root - INFO - Entered the save_object method of MainUtils class
[ 2026-10-10 19:14:46,617 ] 50 root - INFO - Exited the save_object method of MainUtils class
[ 2026-10-10 19:14:46,618 ] 35 root - INFO - data Transformation completed
[ 2026-10-10 19:14:46,619 ] 37 root - INFO - Model Training sstared
